 16 2023 21:47:49[0m
[0;32mI (31) boot: Multicore bootloader[0m
[0;32mI (35) boot: chip revision: v1.0[0m
[0;32mI (39) ï¿½j5
[0;32mI (48) boot.esp32: SPI Flash Size : 2MB[0m
[0;32mI (52) boot: Enabling RNG early entropy source...[0m
[0;32mI (58) boot: Partition Table:[0m
[0;32mI (61) boot: ## Label            Usage ets Jun  8 2016 00:22:57

rst:0x1 (POWERON_RESET),boot:0x13 (SPI_FAST_FLASH_BOOT)
configsip: 0, SPIWP:0xee
clk_drv:0x00,q_drv:0x00,d_drv:0x00,cs0_drv:0x00,hd_drv:0x00,wp_drv:0x00
mode:DIO, clock div:2
load:0x3fff0030,len:7172
load:0x40078000,len:15532
load:0x40080400,len:4
load:0x40080404,len:3904
entry 0x40080640
[0;32mI (29) boot: ESP-IDF v5.3-dev-892-g692c1fcc52 2nd stage bootloader[0m
[0;32mI (29) boot: compile time Dec 16 2023 21:47:49[0m
[0;32mI (31) boot: Multicore bootloader[0m
[0;32mI (35) boot: chip revision: v1.0[0m
[0;32mI (39) boot.esp32: SPI Speed      : 40MHz[0m
[0;32mI (43) boot.esp32: SPI Mode       : DIO[0m
[0;32mI (48) boot.esp32: SPI Flash Size : 2MB[0m
[0;32mI (52) boot: Enabling RNG early entropy source...[0m
[0;32mI (58) boot: Partition Table:[0m
[0;32mI (61) boot: ## Label            Usage          Type ST Offset   Length[0m
[0;32mI (69) boot:  0 nvs              WiFi data        01 02 00009000 00006000[0m
[0;32mI (76) boot:  1 phy_init         RF data          01 01 0000f000 00001000[0m
[0;32mI (84) boot:  2 factory          factory app      00 00 00010000 00100000[0m
[0;32mI (91) boot: End of partition table[0m
[0;32mI (95) esp_image: segment 0: paddr=00010020 vaddr=3f400020 size=21890h (137360) map[0m
[0;32mI (151) esp_image: segment 1: paddr=000318b8 vaddr=3ffb0000 size=03c38h ( 15416) load[0m
[0;32mI (157) esp_image: segment 2: paddr=000354f8 vaddr=40080000 size=0ab20h ( 43808) load[0m
[0;32mI (174) esp_image: segment 3: paddr=00040020 vaddr=400d0020 size=80b88h (527240) map[0m
[0;32mI (355) esp_image: segment 4: paddr=000c0bb0 vaddr=4008ab20 size=0bc34h ( 48180) load[0m
[0;32mI (385) boot: Loaded app from partition at offset 0x10000[0m
[0;32mI (386) boot: Disabling RNG early entropy source...[0m
[0;32mI (397) cpu_start: Multicore app[0m
[0;32mI (406) cpu_start: Pro cpu start user code[0m
[0;32mI (406) cpu_start: cpu freq: 160000000 Hz[0m
[0;32mI (406) cpu_start: Application information:[0m
[0;32mI (409) cpu_start: Project name:     fast_scan[0m
[0;32mI (414) cpu_start: App version:      1[0m
[0;32mI (418) cpu_start: Compile time:     Dec 16 2023 21:47:43[0m
[0;32mI (425) cpu_start: ELF file SHA256:  bfa1a331f...[0m
[0;32mI (430) cpu_start: ESP-IDF:          v5.3-dev-892-g692c1fcc52[0m
[0;32mI (436) cpu_start: Min chip rev:     v0.0[0m
[0;32mI (441) cpu_start: Max chip rev:     v3.99 [0m
[0;32mI (446) cpu_start: Chip rev:         v1.0[0m
[0;32mI (451) heap_init: Initializing. RAM available for dynamic allocation:[0m
[0;32mI (458) heap_init: At 3FFAE6E0 len 00001920 (6 KiB): DRAM[0m
[0;32mI (464) heap_init: At 3FFB7D50 len 000282B0 (160 KiB): DRAM[0m
[0;32mI (470) heap_init: At 3FFE0440 len 00003AE0 (14 KiB): D/IRAM[0m
[0;32mI (476) heap_init: At 3FFE4350 len 0001BCB0 (111 KiB): D/IRAM[0m
[0;32mI (483) heap_init: At 40096754 len 000098AC (38 KiB): IRAM[0m
[0;32mI (491) spi_flash: detected chip: generic[0m
[0;32mI (494) spi_flash: flash io: dio[0m
[0;33mW (498) spi_flash: Detected size(4096k) larger than the size in the binary image header(2048k). Using the size in the binary image header.[0m
[0;32mI (512) main_task: Started on CPU0[0m
[0;32mI (522) main_task: Calling app_main()[0m
I (582) wifi:wifi driver task: 3ffbfaa0, prio:23, stack:6656, core=0
I (602) wifi:wifi firmware version: 8e5c2b1
I (602) wifi:wifi certification version: v7.0
I (602) wifi:config NVS flash: enabled
I (602) wifi:config nano formating: disabled
I (612) wifi:Init data frame dynamic rx buffer num: 32
I (612) wifi:Init static rx mgmt buffer num: 5
I (622) wifi:Init management short buffer num: 32
I (622) wifi:Init dynamic tx buffer num: 32
I (632) wifi:Init static rx buffer size: 1600
I (632) wifi:Init static rx buffer num: 10
I (632) wifi:Init dynamic rx buffer num: 32
[0;32mI (642) wifi_init: rx ba win: 6[0m
[0;32mI (642) wifi_init: tcpip mbox: 32[0m
[0;32mI (652) wifi_init: udp mbox: 6[0m
[0;32mI (652) wifi_init: tcp mbox: 6[0m
[0;32mI (652) wifi_init: tcp tx win: 5760[0m
[0;32mI (662) wifi_init: tcp rx win: 5760[0m
[0;32mI (662) wifi_init: tcp mss: 1440[0m
[0;32mI (672) wifi_init: WiFi IRAM OP enabled[0m
[0;32mI (672) wifi_init: WiFi RX IRAM OP enabled[0m
[0;32mI (682) phy_init: phy_version 4780,16b31a7,Sep 22 2023,20:42:16[0m
I (772) wifi:mode : sta (40:91:51:b2:7f:80)
I (772) wifi:enable tsf
[0;32mI (772) main_task: Returned from app_main()[0m
I (782) wifi:new:<5,1>, old:<1,0>, ap:<255,255>, sta:<5,1>, prof:1
I (782) wifi:state: init -> auth (b0)
I (832) wifi:state: auth -> assoc (0)
I (862) wifi:state: assoc -> run (10)
I (972) wifi:connected with bugu, aid = 20, channel 5, 40U, bssid = a4:a9:30:f2:91:fc
I (972) wifi:security: WPA2-PSK, phy: bgn, rssi: -46
I (982) wifi:pm start, type: 1

I (982) wifi:dp: 1, bi: 102400, li: 3, scale listen interval from 307200 us to 307200 us
I (1022) wifi:<ba-add>idx:0 (ifx:0, a4:a9:30:f2:91:fc), tid:6, ssn:2, winSize:64
I (1022) wifi:<ba-add>idx:1 (ifx:0, a4:a9:30:f2:91:fc), tid:0, ssn:2, winSize:64
I (1062) wifi:AP's beacon interval = 102400 us, DTIM period = 1
[0;32mI (1992) scan: got ip:192.168.31.190[0m
[0;32mI (1992) esp_netif_handlers: sta ip: 192.168.31.190, mask: 255.255.255.0, gw: 192.168.31.1[0m
